600 catalogs written, decoded and compared: all lossless
Recommended layout: `nul-planes-split-stripped-sorted`. Plan baseline: `prefix-fixed-single-stripped`.

### B7 per locale

| locale | source bytes | raw limit (1.25 × src + 8 × 1600) | **raw** | **gzip -9** | brotli 11 | unstripped raw / gz / br | plan baseline raw / gz / br |
|---|---|---|---|---|---|---|---|
| en | 43250 | 66862 | 50867 | 20536 | 17929 | 70790 / 29091 / 25741 | 51160 / 23083 / 21074 |
| pl | 58518 | 85947 | 67302 | 26647 | 24068 | 87225 / 36040 / 31927 | 67688 / 29609 / 27562 |
| en-XA | 95078 | 131647 | 100528 | 23620 | 21477 | 120451 / 33377 / 29284 | 101004 / 28433 / 25704 |
| ar-XB | 54491 | 80913 | 60790 | 20518 | 18491 | 80713 / 29819 / 26314 | 61119 / 24833 / 22285 |

### From the plan baseline to the recommended layout (cumulative; Δ against the baseline)

| variant | en raw / gz / br (Δgz) | pl raw / gz / br (Δgz) | en-XA raw / gz / br (Δgz) | ar-XB raw / gz / br (Δgz) |
|---|---|---|---|---|
| plan baseline (prefix-char, fixed INDEX, first-use pool) | 51160 / 23083 / 21074 (+0) | 67688 / 29609 / 27562 (+0) | 101004 / 28433 / 25704 (+0) | 61119 / 24833 / 22285 (+0) |
| + NUL-terminated strings | 51160 / 21603 / 19330 (-1480) | 67672 / 27881 / 25526 (-1728) | 100898 / 24641 / 23239 (-3792) | 61116 / 22544 / 20252 (-2289) |
| + byte-plane INDEX | 51160 / 21131 / 18310 (-1952) | 67672 / 27218 / 24234 (-2391) | 100898 / 24509 / 22225 (-3924) | 61116 / 22056 / 19089 (-2777) |
| + identifiers grouped first | 51040 / 21000 / 18123 (-2083) | 67543 / 27059 / 24001 (-2550) | 100753 / 24324 / 21939 (-4109) | 60996 / 21920 / 18962 (-2913) |
| + pool sorted (= recommended) | 50867 / 20536 / 17929 (-2547) | 67302 / 26647 / 24068 (-2962) | 100528 / 23620 / 21477 (-4813) | 60790 / 20518 / 18491 (-4315) |

### String lengths — the F4 conflict (pool must stay one valid `str`); other axes as recommended

| variant | en raw / gz / br (Δgz) | pl raw / gz / br (Δgz) | en-XA raw / gz / br (Δgz) | ar-XB raw / gz / br (Δgz) |
|---|---|---|---|---|
| PrefixChar | 50867 / 22037 / 19684 (+1501) | 67318 / 29002 / 26335 (+2355) | 100634 / 26025 / 23977 (+2405) | 60793 / 23255 / 20593 (+2737) |
| RefLen | 53360 / 22738 / 19683 (+2202) | 69669 / 29123 / 25607 (+2476) | 103213 / 26810 / 23585 (+3190) | 63282 / 23342 / 20287 (+2824) |
| Offsets | 55487 / 22807 / 20281 (+2271) | 72457 / 29450 / 26448 (+2803) | 105086 / 26363 / 23930 (+2743) | 65394 / 23266 / 20981 (+2748) |
| Nul | 50867 / 20536 / 17929 (+0) | 67302 / 26647 / 24068 (+0) | 100528 / 23620 / 21477 (+0) | 60790 / 20518 / 18491 (+0) |

### INDEX; other axes as recommended

| variant | en raw / gz / br (Δgz) | pl raw / gz / br (Δgz) | en-XA raw / gz / br (Δgz) | ar-XB raw / gz / br (Δgz) |
|---|---|---|---|---|
| Fixed | 50867 / 21119 / 18557 (+583) | 67302 / 27794 / 24750 (+1147) | 100528 / 24155 / 21995 (+535) | 60790 / 21889 / 19098 (+1371) |
| Planes | 50867 / 20536 / 17929 (+0) | 67302 / 26647 / 24068 (+0) | 100528 / 23620 / 21477 (+0) | 60790 / 20518 / 18491 (+0) |
| Blocked | 49042 / 21267 / 18313 (+731) | 65498 / 27922 / 24481 (+1275) | 98831 / 24871 / 21742 (+1251) | 58993 / 21824 / 18827 (+1306) |
| VarintDelta | 48496 / 20689 / 17883 (+153) | 64951 / 27288 / 24043 (+641) | 98299 / 24474 / 21329 (+854) | 58445 / 21425 / 18370 (+907) |

### Pool order (single vs split pools); other axes as recommended

| variant | en raw / gz / br (Δgz) | pl raw / gz / br (Δgz) | en-XA raw / gz / br (Δgz) | ar-XB raw / gz / br (Δgz) |
|---|---|---|---|---|
| one pool, first-use order | 51160 / 21131 / 18310 (+595) | 67672 / 27218 / 24234 (+571) | 100898 / 24509 / 22225 (+889) | 61116 / 22056 / 19089 (+1538) |
| identifiers grouped first (= split pools) | 51040 / 21000 / 18123 (+464) | 67543 / 27059 / 24001 (+412) | 100753 / 24324 / 21939 (+704) | 60996 / 21920 / 18962 (+1402) |
| one pool, sorted | 51290 / 20619 / 17949 (+83) | 67688 / 26807 / 24282 (+160) | 100895 / 23842 / 21572 (+222) | 60793 / 20544 / 18483 (+26) |
| grouped + each group sorted (recommended) | 50867 / 20536 / 17929 (+0) | 67302 / 26647 / 24068 (+0) | 100528 / 23620 / 21477 (+0) | 60790 / 20518 / 18491 (+0) |

### Stripping, dedup, relative StrRefs; other axes as recommended

| variant | en raw / gz / br (Δgz) | pl raw / gz / br (Δgz) | en-XA raw / gz / br (Δgz) | ar-XB raw / gz / br (Δgz) |
|---|---|---|---|---|
| recommended (stripped, dedup, absolute refs) | 50867 / 20536 / 17929 (+0) | 67302 / 26647 / 24068 (+0) | 100528 / 23620 / 21477 (+0) | 60790 / 20518 / 18491 (+0) |
| unstripped (+ IDS, front-coded) | 70790 / 29091 / 25741 (+8555) | 87225 / 36040 / 31927 (+9393) | 120451 / 33377 / 29284 (+9757) | 80713 / 29819 / 26314 (+9301) |
| relative StrRefs in MESSAGES | 51399 / 20745 / 18092 (+209) | 67883 / 26854 / 24350 (+207) | 101235 / 23908 / 21739 (+288) | 61341 / 21414 / 18583 (+896) |
| no dedup (sorted off) | 56482 / 23027 / 19873 (+2491) | 71930 / 29313 / 25677 (+2666) | 109300 / 27881 / 24048 (+4261) | 67778 / 24078 / 20817 (+3560) |
| dedup (sorted off) | 51040 / 21000 / 18123 (+464) | 67543 / 27059 / 24001 (+412) | 100753 / 24324 / 21939 (+704) | 60996 / 21920 / 18962 (+1402) |

### Sections, recommended layout (raw bytes; structure = everything before STRINGS)

| locale | header | INDEX | MESSAGES | NAMES | FUNCS | LOCALE | STRINGS | structure raw / gz / br | pool raw / gz / br |
|---|---|---|---|---|---|---|---|---|---|
| en | 90 | 6400 | 4568 | 701 | 2 | 8 | 39098 | 11769 / 6856 / 6306 | 39098 / 12804 / 11329 |
| pl | 90 | 6400 | 4966 | 708 | 2 | 35 | 55101 | 12201 / 7151 / 6641 | 55101 / 18567 / 17307 |
| en-XA | 90 | 6400 | 5178 | 708 | 2 | 8 | 88142 | 12386 / 7268 / 6755 | 88142 / 16255 / 14504 |
| ar-XB | 90 | 6400 | 4578 | 708 | 2 | 20 | 48992 | 11798 / 6877 / 6541 | 48992 / 13401 / 11734 |

out/catalogs/en.mf2b 50867 B
out/catalogs/en.full.mf2b 70790 B
out/catalogs/pl.mf2b 67302 B
out/catalogs/pl.full.mf2b 87225 B
out/catalogs/en-XA.mf2b 100528 B
out/catalogs/en-XA.full.mf2b 120451 B
out/catalogs/ar-XB.mf2b 60790 B
out/catalogs/ar-XB.full.mf2b 80713 B
manifest_hash 43e0dc12eeb05ef1
